// Jest Snapshot v1, https://goo.gl/fbAQLP

exports[`<SearchForm /> should render and match the snapshot 1`] = `
<h1>
  <span>
    This is the SearchForm container!
  </span>
</h1>
`;
